output/pricing_competition/Record-250212-1757-Sabia3_large-pt_br/logs_decision_plot.csv
Round,FirmID,Price,Quantity,Profit
1,1,7.0,800.0000000008001,4000
2,1,6.5,1000.0000000010003,4500
3,1,7.2,810.00000000081,4212
4,1,7.5,780.0000000007801,4290
5,1,7.3,850.0000000008502,4505
6,1,7.6,740.0000000007401,4144
7,1,7.4,790.00000000079,4266
8,1,7.8,730.0000000007301,4234
9,1,7.7,740.0000000007401,4218
10,1,7.5,770.0000000007699,4235
11,1,7.9,740.0000000007399,4366
12,1,7.8,740.0000000007401,4292
13,1,7.6,790.00000000079,4424
14,1,7.5,830.00000000083,4565
15,1,7.4,790.00000000079,4266
16,1,7.6,780.0000000007801,4368
17,1,7.7,760.00000000076,4332
18,1,7.5,790.00000000079,4345
19,1,7.5,850.00000000085,4675
20,1,7.4,840.00000000084,4536
21,1,7.3,810.0000000008101,4293
22,1,7.3,820.0000000008203,4346
23,1,7.4,780.0000000007801,4212
24,1,7.3,810.0000000008101,4293
25,1,7.5,780.0000000007801,4290
26,1,7.4,780.0000000007801,4212
27,1,7.4,780.0000000007801,4212
28,1,7.3,800.0000000008002,4240
29,1,7.4,780.0000000007801,4212
30,1,7.3,800.0000000008002,4240
31,1,7.4,790.00000000079,4266
32,1,7.5,760.00000000076,4180
33,1,7.4,790.00000000079,4266
34,1,7.4,780.0000000007801,4212
35,1,7.3,800.0000000008002,4240
36,1,7.4,790.00000000079,4266
37,1,7.5,770.0000000007699,4235
38,1,7.4,780.0000000007801,4212
39,1,7.4,790.00000000079,4266
1,2,8.0,500.00000000050005,3000
2,2,9.0,250.00000000024997,1750
3,2,8.5,420.00000000042013,2730
4,2,8.8,390.0000000003899,2652
5,2,9.1,310.0000000003101,2201
6,2,8.6,440.00000000044,2904
7,2,8.7,400.0000000004002,2680
8,2,8.9,400.00000000039995,2760
9,2,8.8,410.0000000004099,2788
10,2,8.7,410.0000000004102,2747
11,2,9.2,350.0000000003503,2520
12,2,9.0,380.00000000038006,2660
13,2,9.1,340.00000000034015,2414
14,2,9.3,290.00000000028996,2117
15,2,8.7,400.0000000004002,2680
16,2,9.0,360.00000000036005,2520
17,2,9.0,370.0000000003701,2590
18,2,8.9,370.00000000037,2553
19,2,9.5,250.00000000024997,1875
20,2,9.2,300.00000000030025,2160
21,2,8.7,390.0000000003901,2613
22,2,8.8,370.00000000036977,2516
23,2,8.6,420.0000000004201,2772
24,2,8.7,390.0000000003901,2613
25,2,8.8,390.0000000003899,2652
26,2,8.6,420.0000000004201,2772
27,2,8.6,420.0000000004201,2772
28,2,8.6,410.00000000041,2706
29,2,8.6,420.0000000004201,2772
30,2,8.6,410.00000000041,2706
31,2,8.7,400.0000000004002,2680
32,2,8.6,430.0000000004301,2838
33,2,8.7,400.0000000004002,2680
34,2,8.6,420.0000000004201,2772
35,2,8.6,410.00000000041,2706
36,2,8.7,400.0000000004002,2680
37,2,8.7,410.0000000004102,2747
38,2,8.6,420.0000000004201,2772
39,2,8.7,400.0000000004002,2680
